// Jest Snapshot v1, https://goo.gl/fbAQLP

exports[`<IssueDetailsHeader /> Should match snapshot 1`] = `
.c1 {
  position: relative;
  -webkit-text-decoration: none;
  text-decoration: none;
  font-weight: 600;
  color: #24292f;
  display: -webkit-box;
  display: -webkit-flex;
  display: -ms-flexbox;
  display: flex;
  padding: 0 8px;
  font-size: 14px;
  line-height: 30px;
  text-align: center;
  white-space: nowrap;
  cursor: pointer;
  background-color: transparent;
  border: 0;
  border-radius: 6px;
  -webkit-align-items: center;
  -webkit-box-align: center;
  -ms-flex-align: center;
  align-items: center;
  -webkit-box-pack: center;
  -webkit-justify-content: center;
  -ms-flex-pack: center;
  justify-content: center;
}

.c1:after {
  position: absolute;
  right: 50%;
  bottom: calc(50% - 25px);
  width: 4rem;
  height: 2px;
  content: '';
  background: #fd8c73;
  border-radius: 6px;
  -webkit-transform: translate(50%,-50%);
  -ms-transform: translate(50%,-50%);
  transform: translate(50%,-50%);
}

.c0 {
  display: -webkit-box;
  display: -webkit-flex;
  display: -ms-flexbox;
  display: flex;
  -webkit-box-pack: start;
  -webkit-justify-content: flex-start;
  -ms-flex-pack: start;
  justify-content: flex-start;
}

<div>
  <div
    class="c0"
  >
    <a
      class="c1"
      href="/"
    >
      Issues
    </a>
  </div>
</div>
`;
