// Jest Snapshot v1, https://goo.gl/fbAQLP

exports[`<StateToggler /> Should matches snapshot 1`] = `
.c0 {
  display: -webkit-box;
  display: -webkit-flex;
  display: -ms-flexbox;
  display: flex;
  -webkit-flex-direction: row;
  -ms-flex-direction: row;
  flex-direction: row;
  padding: 1rem;
}

.c1 {
  display: -webkit-inline-box;
  display: -webkit-inline-flex;
  display: -ms-inline-flexbox;
  display: inline-flex;
  padding: 0.5rem;
  font-size: inherit;
  color: #000000;
  -webkit-text-decoration: none;
  text-decoration: none;
  white-space: nowrap;
  cursor: pointer;
  -webkit-user-select: none;
  -webkit-user-select: none;
  -moz-user-select: none;
  -ms-user-select: none;
  user-select: none;
  background-color: transparent;
  border: 0;
  -webkit-appearance: none;
  -webkit-appearance: none;
  -moz-appearance: none;
  appearance: none;
  color: #24292f;
  font-weight: bold;
}

.c3 {
  display: -webkit-inline-box;
  display: -webkit-inline-flex;
  display: -ms-inline-flexbox;
  display: inline-flex;
  padding: 0.5rem;
  font-size: inherit;
  color: #000000;
  -webkit-text-decoration: none;
  text-decoration: none;
  white-space: nowrap;
  cursor: pointer;
  -webkit-user-select: none;
  -webkit-user-select: none;
  -moz-user-select: none;
  -ms-user-select: none;
  user-select: none;
  background-color: transparent;
  border: 0;
  -webkit-appearance: none;
  -webkit-appearance: none;
  -moz-appearance: none;
  appearance: none;
  color: #57606a;
}

.c2 {
  fill: #24292f;
  margin-right: 0.5rem;
}

.c4 {
  fill: #57606a;
  margin-right: 0.5rem;
}

<div>
  <div
    class="c0"
  >
    <button
      class="c1"
    >
      <svg
        aria-hidden="true"
        class="c2"
        data-view-component="true"
        height="16"
        version="1.1"
        viewBox="0 0 16 16"
        width="16"
      >
        <path
          d="M8 9.5a1.5 1.5 0 100-3 1.5 1.5 0 000 3z"
        />
        <path
          d="M8 0a8 8 0 100 16A8 8 0 008 0zM1.5 8a6.5 6.5 0 1113 0 6.5 6.5 0 01-13 0z"
        />
      </svg>
      Open
    </button>
    <button
      class="c3"
    >
      <svg
        aria-hidden="true"
        class="c4"
        data-view-component="true"
        height="16"
        version="1.1"
        viewBox="0 0 16 16"
        width="16"
      >
        <path
          d="M13.78 4.22a.75.75 0 010 1.06l-7.25 7.25a.75.75 0 01-1.06 0L2.22 9.28a.75.75 0 011.06-1.06L6 10.94l6.72-6.72a.75.75 0 011.06 0z"
        />
      </svg>
      Closed
    </button>
  </div>
</div>
`;
