// Jest Snapshot v1, https://goo.gl/fbAQLP

exports[`<Header /> Should match snapshot 1`] = `
.c3 {
  color: #0969da;
  cursor: pointer;
  -webkit-text-decoration: none;
  text-decoration: none;
}

.c3:hover {
  -webkit-text-decoration: underline;
  text-decoration: underline;
  color: #0969da;
}

.c6 {
  position: relative;
  -webkit-text-decoration: none;
  text-decoration: none;
  font-weight: 600;
  color: #24292f;
  display: -webkit-box;
  display: -webkit-flex;
  display: -ms-flexbox;
  display: flex;
  padding: 0 8px;
  font-size: 14px;
  line-height: 30px;
  text-align: center;
  white-space: nowrap;
  cursor: pointer;
  background-color: transparent;
  border: 0;
  border-radius: 6px;
  -webkit-align-items: center;
  -webkit-box-align: center;
  -ms-flex-align: center;
  align-items: center;
  -webkit-box-pack: center;
  -webkit-justify-content: center;
  -ms-flex-pack: center;
  justify-content: center;
}

.c6:after {
  position: absolute;
  right: 50%;
  bottom: calc(50% - 25px);
  width: 4rem;
  height: 2px;
  content: '';
  background: #fd8c73;
  border-radius: 6px;
  -webkit-transform: translate(50%,-50%);
  -ms-transform: translate(50%,-50%);
  transform: translate(50%,-50%);
}

.c5 {
  display: -webkit-box;
  display: -webkit-flex;
  display: -ms-flexbox;
  display: flex;
  -webkit-box-pack: start;
  -webkit-justify-content: flex-start;
  -ms-flex-pack: start;
  justify-content: flex-start;
}

.c1 {
  display: -webkit-box;
  display: -webkit-flex;
  display: -ms-flexbox;
  display: flex;
  -webkit-flex-direction: row;
  -ms-flex-direction: row;
  flex-direction: row;
  -webkit-align-items: center;
  -webkit-box-align: center;
  -ms-flex-align: center;
  align-items: center;
  padding-bottom: 1rem;
}

.c2 {
  height: 1rem;
  width: 1rem;
  margin-top: 0.1rem;
}

.c4 {
  display: -webkit-inline-box;
  display: -webkit-inline-flex;
  display: -ms-inline-flexbox;
  display: inline-flex;
  padding: 0 7px;
  font-size: 12px;
  font-weight: 500;
  line-height: 18px;
  white-space: nowrap;
  border: 1px solid transparent;
  border-radius: 2em;
  color: #57606a;
  border-color: #d0d7de;
}

.c0 {
  display: -webkit-box;
  display: -webkit-flex;
  display: -ms-flexbox;
  display: flex;
  -webkit-flex-direction: column;
  -ms-flex-direction: column;
  flex-direction: column;
  height: 4rem;
  -webkit-box-pack: start;
  -webkit-justify-content: flex-start;
  -ms-flex-pack: start;
  justify-content: flex-start;
  padding: 1rem;
  background-color: #f6f8fa;
}

<div>
  <div
    class="c0"
  >
    <div
      class="c1"
    >
      <svg
        aria-hidden="true"
        class="c2"
        data-view-component="true"
        version="1.1"
        viewBox="0 0 16 16"
      >
        <path
          d="M2 2.5A2.5 2.5 0 014.5 0h8.75a.75.75 0 01.75.75v12.5a.75.75 0 01-.75.75h-2.5a.75.75 0 110-1.5h1.75v-2h-8a1 1 0 00-.714 1.7.75.75 0 01-1.072 1.05A2.495 2.495 0 012 11.5v-9zm10.5-1V9h-8c-.356 0-.694.074-1 .208V2.5a1 1 0 011-1h8zM5 12.25v3.25a.25.25 0 00.4.2l1.45-1.087a.25.25 0 01.3 0L8.6 15.7a.25.25 0 00.4-.2v-3.25a.25.25 0 00-.25-.25h-3.5a.25.25 0 00-.25.25z"
        />
      </svg>
      <strong>
         
        <a
          class="c3"
          href="https://github.com/facebook"
        >
           
          facebook
           
        </a>
         
      </strong>
      /
      <strong>
         
        <a
          class="c3"
          href="https://github.com/facebook/react"
        >
          react
        </a>
         
      </strong>
      <label
        class="c4"
      >
        Public
      </label>
    </div>
    <div
      class="c5"
    >
      <a
        class="c6"
        href="/"
      >
        Issues
      </a>
    </div>
  </div>
</div>
`;

exports[`<Topbar /> Should match snapshot 1`] = `
.c3 {
  color: #0969da;
  cursor: pointer;
  -webkit-text-decoration: none;
  text-decoration: none;
}

.c3:hover {
  -webkit-text-decoration: underline;
  text-decoration: underline;
  color: #0969da;
}

.c6 {
  position: relative;
  -webkit-text-decoration: none;
  text-decoration: none;
  font-weight: 600;
  color: #24292f;
  display: -webkit-box;
  display: -webkit-flex;
  display: -ms-flexbox;
  display: flex;
  padding: 0 8px;
  font-size: 14px;
  line-height: 30px;
  text-align: center;
  white-space: nowrap;
  cursor: pointer;
  background-color: transparent;
  border: 0;
  border-radius: 6px;
  -webkit-align-items: center;
  -webkit-box-align: center;
  -ms-flex-align: center;
  align-items: center;
  -webkit-box-pack: center;
  -webkit-justify-content: center;
  -ms-flex-pack: center;
  justify-content: center;
}

.c6:after {
  position: absolute;
  right: 50%;
  bottom: calc(50% - 25px);
  width: 4rem;
  height: 2px;
  content: '';
  background: #fd8c73;
  border-radius: 6px;
  -webkit-transform: translate(50%,-50%);
  -ms-transform: translate(50%,-50%);
  transform: translate(50%,-50%);
}

.c5 {
  display: -webkit-box;
  display: -webkit-flex;
  display: -ms-flexbox;
  display: flex;
  -webkit-box-pack: start;
  -webkit-justify-content: flex-start;
  -ms-flex-pack: start;
  justify-content: flex-start;
}

.c1 {
  display: -webkit-box;
  display: -webkit-flex;
  display: -ms-flexbox;
  display: flex;
  -webkit-flex-direction: row;
  -ms-flex-direction: row;
  flex-direction: row;
  -webkit-align-items: center;
  -webkit-box-align: center;
  -ms-flex-align: center;
  align-items: center;
  padding-bottom: 1rem;
}

.c2 {
  height: 1rem;
  width: 1rem;
  margin-top: 0.1rem;
}

.c4 {
  display: -webkit-inline-box;
  display: -webkit-inline-flex;
  display: -ms-inline-flexbox;
  display: inline-flex;
  padding: 0 7px;
  font-size: 12px;
  font-weight: 500;
  line-height: 18px;
  white-space: nowrap;
  border: 1px solid transparent;
  border-radius: 2em;
  color: #57606a;
  border-color: #d0d7de;
}

.c0 {
  display: -webkit-box;
  display: -webkit-flex;
  display: -ms-flexbox;
  display: flex;
  -webkit-flex-direction: column;
  -ms-flex-direction: column;
  flex-direction: column;
  height: 4rem;
  -webkit-box-pack: start;
  -webkit-justify-content: flex-start;
  -ms-flex-pack: start;
  justify-content: flex-start;
  padding: 1rem;
  background-color: #f6f8fa;
}

<div>
  <div
    class="c0"
  >
    <div
      class="c1"
    >
      <svg
        aria-hidden="true"
        class="c2"
        data-view-component="true"
        version="1.1"
        viewBox="0 0 16 16"
      >
        <path
          d="M2 2.5A2.5 2.5 0 014.5 0h8.75a.75.75 0 01.75.75v12.5a.75.75 0 01-.75.75h-2.5a.75.75 0 110-1.5h1.75v-2h-8a1 1 0 00-.714 1.7.75.75 0 01-1.072 1.05A2.495 2.495 0 012 11.5v-9zm10.5-1V9h-8c-.356 0-.694.074-1 .208V2.5a1 1 0 011-1h8zM5 12.25v3.25a.25.25 0 00.4.2l1.45-1.087a.25.25 0 01.3 0L8.6 15.7a.25.25 0 00.4-.2v-3.25a.25.25 0 00-.25-.25h-3.5a.25.25 0 00-.25.25z"
        />
      </svg>
      <strong>
         
        <a
          class="c3"
          href="https://github.com/facebook"
        >
           
          facebook
           
        </a>
         
      </strong>
      /
      <strong>
         
        <a
          class="c3"
          href="https://github.com/facebook/react"
        >
          react
        </a>
         
      </strong>
      <label
        class="c4"
      >
        Public
      </label>
    </div>
    <div
      class="c5"
    >
      <a
        class="c6"
        href="/"
      >
        Issues
      </a>
    </div>
  </div>
</div>
`;
