// Jest Snapshot v1, https://goo.gl/fbAQLP

exports[`<FilterInput /> Should matches snapshot 1`] = `
.c0 {
  position: relative;
  display: -webkit-box;
  display: -webkit-flex;
  display: -ms-flexbox;
  display: flex;
  -webkit-flex-direction: row;
  -ms-flex-direction: row;
  flex-direction: row;
  -webkit-align-items: center;
  -webkit-box-align: center;
  -ms-flex-align: center;
  align-items: center;
}

.c2 {
  position: absolute;
  display: block;
  color: #57606a;
  text-align: center;
  pointer-events: none;
  fill: #ffffff;
  stroke-width: 0.1rem;
  stroke: #57606a;
  margin-left: 0.3rem;
}

.c4 {
  width: 18px;
  height: 18px;
  padding: 1px;
  margin-right: 4px;
  fill: #ffffff;
  text-align: center;
  background-color: #6e7781;
  border-radius: 6px;
}

.c1 {
  padding: 5px 26px;
  font-size: 14px;
  line-height: 20px;
  vertical-align: middle;
  background-repeat: no-repeat;
  background-position: right 8px center;
  border: 1px solid #d0d7de;
  border-radius: 6px;
  outline: none;
  width: 100%;
  background-color: #f6f8fa;
  box-shadow: inset 0 1px 0 rgba(208,215,222,0.2);
}

.c3 {
  color: #0969da;
  min-width: 2rem;
  padding: 5px 10px;
  font-style: normal;
  line-height: 20px;
  text-align: center;
  white-space: nowrap;
  vertical-align: middle;
  cursor: pointer;
  -webkit-user-select: none;
  -moz-user-select: none;
  -ms-user-select: none;
  user-select: none;
  border: 1px solid transparent;
  border-radius: 6px;
  -webkit-transition: border-color 0.2s cubic-bezier(0.3,0,0.5,1);
  transition: border-color 0.2s cubic-bezier(0.3,0,0.5,1);
  background-color: transparent;
  display: -webkit-box;
  display: -webkit-flex;
  display: -ms-flexbox;
  display: flex;
  -webkit-flex-direction: row;
  -ms-flex-direction: row;
  flex-direction: row;
  -webkit-align-items: center;
  -webkit-box-align: center;
  -ms-flex-align: center;
  align-items: center;
  cursor: pointer;
  font-weight: 600;
  color: #57606a;
  padding-top: 1rem;
  background: transparent;
  border: none;
}

.c3:disabled {
  color: #8c959f;
  cursor: default;
  border-color: transparent;
}

.c3:disabled:hover {
  border-color: transparent;
}

.c3:hover {
  -webkit-text-decoration: none;
  text-decoration: none;
  border-color: #d0d7de;
  -webkit-transition-duration: 0.1s;
  transition-duration: 0.1s;
}

.c3:hover {
  color: #0969da;
  -webkit-text-decoration: none;
  text-decoration: none;
}

.c3:hover > svg {
  background: #0969da;
}

<div>
  <div
    class="c0"
  >
    <input
      class="c1"
      data-testid="Input"
      placeholder="type here..."
      value="this is my input"
    />
    <svg
      aria-hidden="true"
      class="c2"
      data-view-component="true"
      height="16"
      version="1.1"
      viewBox="0 0 16 16"
      width="16"
    >
      <path
        d="M11.5 7a4.499 4.499 0 11-8.998 0A4.499 4.499 0 0111.5 7zm-.82 4.74a6 6 0 111.06-1.06l3.04 3.04a.75.75 0 11-1.06 1.06l-3.04-3.04z"
      />
    </svg>
  </div>
  <button
    class="c3"
    type="button"
  >
    <svg
      aria-hidden="true"
      class="c4"
      data-view-component="true"
      version="1.1"
      viewBox="0 0 16 16"
    >
      <path
        d="M3.72 3.72a.75.75 0 011.06 0L8 6.94l3.22-3.22a.75.75 0 111.06 1.06L9.06 8l3.22 3.22a.75.75 0 11-1.06 1.06L8 9.06l-3.22 3.22a.75.75 0 01-1.06-1.06L6.94 8 3.72 4.78a.75.75 0 010-1.06z"
      />
    </svg>
     Clear current search query, filters, and sorts
  </button>
</div>
`;
