// Jest Snapshot v1, https://goo.gl/fbAQLP

exports[`<IssueDetailsHeader /> Should match snapshot 1`] = `
.c0 {
  font-weight: 400;
  padding-bottom: 3rem;
  border-bottom: 1px solid #d0d7de;
}

.c1 {
  display: -webkit-box;
  display: -webkit-flex;
  display: -ms-flexbox;
  display: flex;
  -webkit-flex-direction: row;
  -ms-flex-direction: row;
  flex-direction: row;
  -webkit-align-items: center;
  -webkit-box-align: center;
  -ms-flex-align: center;
  align-items: center;
}

.c2 {
  display: -webkit-box;
  display: -webkit-flex;
  display: -ms-flexbox;
  display: flex;
  -webkit-align-items: center;
  -webkit-box-align: center;
  -ms-flex-align: center;
  align-items: center;
  -webkit-box-pack: justify;
  -webkit-justify-content: space-between;
  -ms-flex-pack: justify;
  justify-content: space-between;
  width: 4rem;
  border: 1px solid transparent;
  color: #ffffff;
  padding: 5px 12px;
  font-size: 14px;
  font-weight: 500;
  line-height: 20px;
  text-align: center;
  white-space: nowrap;
  border-radius: 2em;
  background-color: #fa4549;
  margin-right: 0.7rem;
  width: 3rem;
}

.c2 svg {
  fill: #ffffff;
}

<div>
  <div
    class="c0"
  >
    <h1
      class=""
    >
      <span>
        Bug: &lt;img/&gt; renders twice in firefox with react 18
      </span>
       #
      25276
    </h1>
    <div
      class="c1"
    >
      <span
        class="c2"
      >
        <svg
          aria-hidden="true"
          data-testid="open-issue-icon"
          data-view-component="true"
          height="16"
          version="1.1"
          viewBox="0 0 16 16"
          width="16"
        >
          <path
            d="M8 9.5a1.5 1.5 0 100-3 1.5 1.5 0 000 3z"
          />
          <path
            d="M8 0a8 8 0 100 16A8 8 0 008 0zM1.5 8a6.5 6.5 0 1113 0 6.5 6.5 0 01-13 0z"
          />
        </svg>
        open
      </span>
      tyehia
       opened this issue 
      9 days
       ago
    </div>
  </div>
</div>
`;
