// Jest Snapshot v1, https://goo.gl/fbAQLP

exports[`<RposHeaderLinks /> Should match snapshot 1`] = `
.c2 {
  color: #0969da;
  cursor: pointer;
  -webkit-text-decoration: none;
  text-decoration: none;
}

.c2:hover {
  -webkit-text-decoration: underline;
  text-decoration: underline;
  color: #0969da;
}

.c0 {
  display: -webkit-box;
  display: -webkit-flex;
  display: -ms-flexbox;
  display: flex;
  -webkit-flex-direction: row;
  -ms-flex-direction: row;
  flex-direction: row;
  -webkit-align-items: center;
  -webkit-box-align: center;
  -ms-flex-align: center;
  align-items: center;
  padding-bottom: 1rem;
}

.c1 {
  height: 1rem;
  width: 1rem;
  margin-top: 0.1rem;
}

.c3 {
  display: -webkit-inline-box;
  display: -webkit-inline-flex;
  display: -ms-inline-flexbox;
  display: inline-flex;
  padding: 0 7px;
  font-size: 12px;
  font-weight: 500;
  line-height: 18px;
  white-space: nowrap;
  border: 1px solid transparent;
  border-radius: 2em;
  color: #57606a;
  border-color: #d0d7de;
}

<div>
  <div
    class="c0"
  >
    <svg
      aria-hidden="true"
      class="c1"
      data-view-component="true"
      version="1.1"
      viewBox="0 0 16 16"
    >
      <path
        d="M2 2.5A2.5 2.5 0 014.5 0h8.75a.75.75 0 01.75.75v12.5a.75.75 0 01-.75.75h-2.5a.75.75 0 110-1.5h1.75v-2h-8a1 1 0 00-.714 1.7.75.75 0 01-1.072 1.05A2.495 2.495 0 012 11.5v-9zm10.5-1V9h-8c-.356 0-.694.074-1 .208V2.5a1 1 0 011-1h8zM5 12.25v3.25a.25.25 0 00.4.2l1.45-1.087a.25.25 0 01.3 0L8.6 15.7a.25.25 0 00.4-.2v-3.25a.25.25 0 00-.25-.25h-3.5a.25.25 0 00-.25.25z"
      />
    </svg>
    <strong>
       
      <a
        class="c2"
        href="https://github.com/facebook"
      >
         
        facebook
         
      </a>
       
    </strong>
    /
    <strong>
       
      <a
        class="c2"
        href="https://github.com/facebook/react"
      >
        react
      </a>
       
    </strong>
    <label
      class="c3"
    >
      Public
    </label>
  </div>
</div>
`;
